2025-09-20 16:10:25 - GET: []
2025-09-20 16:10:28 - GET: {"id":"7"}
2025-09-20 16:10:43 - PUT: []
2025-09-20 16:10:43 - GET: []
2025-09-20 16:10:50 - GET: []
2025-09-20 16:11:34 - GET: {"id":"7"}
2025-09-20 16:11:53 - PUT: []
2025-09-20 16:11:53 - GET: []
2025-09-20 16:11:56 - GET: []
2025-09-20 16:12:24 - GET: []
2025-09-20 16:12:26 - GET: {"id":"7"}
2025-09-20 16:12:38 - PUT: []
2025-09-20 16:12:38 - GET: []
2025-09-20 16:12:41 - GET: []
2025-09-20 16:13:22 - GET: {"id":"7"}
2025-09-20 16:13:45 - PUT: []
2025-09-20 16:13:45 - GET: []
2025-09-20 16:14:04 - DELETE: {"id":"7"}
2025-09-20 16:14:04 - GET: []
2025-09-20 16:14:07 - GET: {"id":"6"}
2025-09-20 16:14:12 - PUT: []
2025-09-20 16:14:12 - GET: []
2025-09-20 16:17:28 - GET: []
2025-09-20 16:17:29 - GET: {"id":"6"}
2025-09-20 16:17:41 - PUT: []
2025-09-20 16:17:41 - GET: []
2025-09-20 16:17:43 - GET: {"id":"6"}
2025-09-20 16:17:52 - PUT: []
2025-09-20 16:17:52 - GET: []
2025-09-20 16:18:14 - GET: []
2025-09-20 16:19:02 - GET: []
2025-09-20 16:19:04 - GET: {"id":"6"}
2025-09-20 16:19:19 - PUT: []
2025-09-20 16:19:19 - GET: []
2025-09-20 16:19:28 - GET: []
2025-09-20 16:19:31 - GET: {"id":"6"}
2025-09-20 16:19:42 - PUT: []
2025-09-20 16:19:43 - PUT: []
2025-09-20 16:19:43 - PUT: []
2025-09-20 16:19:44 - PUT: []
2025-09-20 16:19:44 - GET: []
2025-09-20 16:19:49 - GET: {"id":"6"}
2025-09-20 16:19:50 - PUT: []
2025-09-20 16:19:50 - PUT: []
2025-09-20 16:19:51 - PUT: []
2025-09-20 16:19:51 - PUT: []
2025-09-20 16:19:51 - PUT: []
2025-09-20 16:19:51 - PUT: []
2025-09-20 16:19:51 - PUT: []
2025-09-20 16:19:52 - PUT: []
2025-09-20 16:19:52 - PUT: []
2025-09-20 16:19:55 - PUT: []
2025-09-20 16:21:24 - PUT: []
2025-09-20 16:21:39 - PUT: []
2025-09-20 16:21:39 - GET: []
2025-09-20 16:51:39 - GET: []
2025-09-20 16:52:23 - GET: []
2025-09-20 16:52:25 - GET: {"id":"6"}
2025-09-20 16:52:36 - PUT: []
2025-09-20 16:52:41 - PUT: []
2025-09-20 17:04:11 - GET: []
2025-09-20 17:04:13 - GET: {"id":"6"}
2025-09-20 17:04:23 - PUT: []
2025-09-20 17:04:23 - GET: []
2025-09-20 17:04:25 - GET: []
2025-09-20 17:24:26 - GET: []
2025-09-20 17:24:28 - GET: {"id":"6"}
2025-09-20 17:24:38 - PUT: []
2025-09-20 17:24:38 - GET: []
2025-09-20 17:24:41 - GET: []
2025-09-20 17:25:14 - GET: {"id":"11"}
2025-09-20 17:25:18 - PUT: []
2025-09-20 17:25:18 - GET: []
2025-09-20 17:25:22 - GET: []
2025-09-20 17:25:24 - GET: {"id":"11"}
2025-09-20 17:25:26 - PUT: []
2025-09-20 17:25:26 - GET: []
2025-09-20 17:25:32 - GET: {"id":"3"}
2025-09-20 17:25:34 - PUT: []
2025-09-20 17:25:34 - GET: []
2025-09-20 17:25:43 - GET: {"id":"3"}
2025-09-20 17:25:56 - PUT: []
2025-09-20 17:25:56 - GET: []
2025-09-20 17:26:53 - POST: {"id":"","item_name":"Gaming Keyboard with mouse","sku":"00002","category":"Computers Accessory ","stock_level":"20","reorder_level":"4","supplier":"Inplay gears","price":"800","last_restocked":"2025-09-19","notes":"Wireless Gaming Keyboard and Mouse,RGB Backlit Rechargeable Keyboard Mouse with 5000mAh Battery Metal Panel,Removable Hand Rest Mechanical Feel Keyboard and 7 Color Gaming Mute Mouse for PC Gamer","product_photo":"68cec7bd32b5d_key_mouse.jpg"}
2025-09-20 17:26:53 - GET: []
2025-09-21 03:20:28 - GET: []
2025-09-21 03:25:00 - GET: []
2025-09-21 03:25:34 - GET: []
2025-09-21 03:25:35 - GET: {"id":"6"}
2025-09-21 03:28:18 - GET: []
2025-09-21 03:28:20 - GET: {"id":"6"}
2025-09-21 03:28:33 - PUT: []
2025-09-21 03:28:33 - GET: []
2025-09-21 03:28:36 - GET: {"id":"6"}
2025-09-21 03:28:57 - PUT: []
2025-09-21 03:28:57 - GET: []
2025-09-21 03:30:20 - GET: {"id":"6"}
2025-09-21 03:30:30 - PUT: []
2025-09-21 03:30:30 - GET: []
2025-09-21 03:31:28 - GET: {"id":"10"}
2025-09-21 03:31:39 - PUT: []
2025-09-21 03:31:39 - GET: []
2025-09-21 03:33:40 - GET: []
2025-09-21 03:33:42 - GET: {"id":"6"}
2025-09-21 03:33:53 - POST: {"id":"6","item_name":"123","sku":"123","category":"123","stock_level":"123","reorder_level":"123","supplier":"123","price":"123","last_restocked":"2025-09-20","notes":"123","product_photo":"68cf56013cf54_1741877072493.jfif"}
2025-09-21 03:33:53 - GET: []
2025-09-21 03:37:30 - GET: {"id":"6"}
2025-09-21 03:37:37 - POST: {"id":"6","item_name":"123","sku":"123","category":"123","stock_level":"123","reorder_level":"123","supplier":"123","price":"123.00","last_restocked":"2025-09-20","notes":"123","product_photo":"68cf56e1816da_key_mouse.jpg"}
2025-09-21 03:37:37 - GET: []
2025-09-21 03:42:38 - GET: []
2025-09-21 03:42:41 - GET: {"id":"6"}
2025-09-21 03:42:49 - POST: {"id":"6","item_name":"123","sku":"123","category":"123","stock_level":"123","reorder_level":"123","supplier":"123","price":"123.00","last_restocked":"2025-09-20","notes":"123","product_photo":"68cf58196ed8e_images__3_.jfif"}
2025-09-21 03:42:49 - GET: []
2025-09-21 03:43:30 - POST: {"id":"","item_name":"dawd","sku":"awd","category":"daw","stock_level":"123","reorder_level":"123","supplier":"12132","price":"123","last_restocked":"2025-09-16","notes":"12323"}
2025-09-21 03:43:30 - GET: []
2025-09-21 03:48:49 - GET: []
2025-09-21 03:48:52 - GET: {"id":"13"}
2025-09-21 03:49:08 - PUT: []
2025-09-21 03:49:08 - POST: {"id":"13","product_photo":"68cf5994b8ca3_cn-11134207-7r98o-lnd09z2xn894c2.webp"}
2025-09-21 03:49:08 - GET: []
2025-09-21 03:49:20 - GET: {"id":"13"}
2025-09-21 03:49:29 - PUT: []
2025-09-21 03:49:29 - POST: {"id":"13","product_photo":"68cf59a9e5a8b_1000039199.jpg"}
2025-09-21 03:49:29 - GET: []
2025-09-21 03:53:26 - GET: []
2025-09-21 03:53:28 - GET: {"id":"13"}
2025-09-21 03:53:37 - POST: {"id":"13","item_name":"dawd","sku":"awd","category":"daw","stock_level":"123","reorder_level":"123","supplier":"12132","price":"123.00","last_restocked":"2025-09-16","notes":"12323","product_photo":"68cf5aa1d2b05_dota.jpg"}
2025-09-21 03:53:37 - GET: []
2025-09-21 03:53:57 - GET: {"id":"13"}
2025-09-21 03:54:10 - POST: {"id":"13","item_name":"dawd","sku":"awd","category":"daw","stock_level":"123","reorder_level":"123","supplier":"12132","price":"123.00","last_restocked":"2025-09-16","notes":"12323","product_photo":"68cf5ac2e536b_dota.jpg"}
2025-09-21 03:54:10 - GET: []
2025-09-21 03:54:18 - GET: {"id":"13"}
2025-09-21 03:54:22 - GET: []
2025-09-21 03:54:23 - GET: {"id":"13"}
2025-09-21 03:56:32 - GET: []
2025-09-21 03:56:34 - GET: {"id":"13"}
2025-09-21 03:56:44 - POST: {"id":"13","item_name":"dawd","sku":"awd","category":"daw","stock_level":"123","reorder_level":"123","supplier":"12132","price":"123.00","last_restocked":"2025-09-16","notes":"12323","product_photo":"68cf5b5c71abf_IMG_0463.JPG"}
2025-09-21 03:56:44 - GET: []
2025-09-21 03:57:35 - GET: []
2025-09-21 03:57:37 - GET: {"id":"13"}
2025-09-21 03:57:42 - POST: {"id":"13","item_name":"dawd","sku":"awd","category":"daw","stock_level":"123","reorder_level":"123","supplier":"12132","price":"123.00","last_restocked":"2025-09-16","notes":"12323","product_photo":"68cf5b9698cef_IMG_0463.JPG"}
2025-09-21 03:57:42 - GET: []
2025-09-21 03:57:44 - GET: {"id":"13"}
2025-09-21 03:57:47 - GET: []
2025-09-21 03:57:48 - GET: {"id":"13"}
2025-09-21 04:02:44 - GET: []
2025-09-21 04:02:46 - GET: {"id":"13"}
2025-09-21 04:02:56 - POST: {"id":"13","item_name":"dawd","sku":"awd","category":"daw","stock_level":"123","reorder_level":"123","supplier":"12132","price":"123.00","last_restocked":"2025-09-16","notes":"12323","product_photo":"68cf5cd0709a5_1000039199.jpg"}
2025-09-21 04:02:56 - GET: []
2025-09-21 04:03:08 - GET: {"id":"13"}
2025-09-21 04:03:09 - POST: {"id":"13","item_name":"dawd","sku":"awd","category":"daw","stock_level":"123","reorder_level":"123","supplier":"12132","price":"123.00","last_restocked":"2025-09-16","notes":"12323","product_photo":"68cf5cdda9a26_1000039199.jpg"}
2025-09-21 04:03:09 - GET: []
